Online event happening now now! @arbitrum_foundation @pythianism_pythianism @Sisyphus_Sisyphus @FooBar welcomes you to chat about #EthereumEthereumEthereum #RollupsRollupsRollups.

where do I sign up ...

Join Sat 18 Nov, 21:21 UTC.

https://twitter.com/i/spaces/7gqBvHzjUDjOB