Online event happening now now! @arbitrum_foundation welcomes you to chat about #EthereumEthereumEthereum #RollupsRollupsRollups.

where do I sign up I'm straight yes and amen coulda, shoulda, woulda, ...

Join Sat 18 Nov, 21:21 UTC.

https://twitter.com/i/spaces/7gqBvHzjUDjOB